src/maplat_control.ts(66,7): error TS2322: Type '((event: RenderEvent) => void) | ((mapEvent: MapEvent) => void)' is not assignable to type '((arg0: MapEvent) => void) | undefined'.
  Type '(event: RenderEvent) => void' is not assignable to type '(arg0: MapEvent) => void'.
    Types of parameters 'event' and 'arg0' are incompatible.
      Type 'MapEvent' is missing the following properties from type 'RenderEvent': inversePixelTransform, context
src/maplat_control.ts(161,7): error TS2322: Type '((event: RenderEvent) => void) | undefined' is not assignable to type '((arg0: MapEvent) => void) | undefined'.
  Type '(event: RenderEvent) => void' is not assignable to type '(arg0: MapEvent) => void'.
    Types of parameters 'event' and 'arg0' are incompatible.
      Type 'MapEvent' is missing the following properties from type 'RenderEvent': inversePixelTransform, context
src/maplat_control.ts(460,11): error TS2345: Argument of type 'ControlOptions' is not assignable to parameter of type 'Options'.
  Types of property 'render' are incompatible.
    Type '((event: RenderEvent) => void) | undefined' is not assignable to type '((arg0: MapEvent) => void) | undefined'.
      Type '(event: RenderEvent) => void' is not assignable to type '(arg0: MapEvent) => void'.
        Types of parameters 'event' and 'arg0' are incompatible.
          Type 'MapEvent' is missing the following properties from type 'RenderEvent': inversePixelTransform, context
